{"this":{"is":{"test":{"one":"This is test \"1\"!"}}},"that":{"is":{"test":{"one":"That is test \"1\"!"}}}}
