{"that":{"is":{"test":{"one":"That is test \"1\"!","two":"That is test #2"},"another":{"test":"That is another: test!"}}}}
