{"this":{"is":{"test":{"one":"This is test \"1\"!","two":"This is test #2","three":"This is test \"3\"!","four":"This is test #4"},"another":{"test":"This is a final: test!"}}}}
