{"this":{"is":{"test":{"one":"This is test \"1\"","two":"This is test 2"},"another":{"test":"This is another test!"}}}}
