{"that":{"is":{"test":{"one":"That is test \"1\"!","two":"That is test #2"},"another":{"test":"That is another: test!"}}},"there":{"is":{"test":{"one":"There is test \"1\"!","two":"There is test #2"},"another":{"test":"There is another: test!"}}}}
